x = 69
*y -> 1042
*y -> 1045
*y -> 1043
*y -> 1044
*y -> 1043
*y -> 1045
pointer diff = 3
*y -> 1042
