do1 30
do1 30
do1 30
do2 33
do2 33
do2 33
do3 0</do3>
do3 3</do3>
Sum = 22 flops
